[2026-01-21 23:38:09] ℹ️  === Démarrage du processus de mise à jour et déploiement ===
[2026-01-21 23:38:09] ℹ️  Déclenchement: MANUEL
[2026-01-21 23:38:09] ℹ️  Mode: EXÉCUTION
[2026-01-21 23:38:09] ℹ️  Log: /home/zozoo/Zenix/Logs/update-deploy-20260121-233807.log
[2026-01-21 23:38:09] ℹ️  Mise à jour des packages dans Frontend...
[2026-01-21 23:38:09] ℹ️  Packages mis à jour:
[2026-01-21 23:38:09] ℹ️    @types/node        ^25.0.8  →  ^25.0.10
[2026-01-21 23:38:09] ℹ️    @types/react       ^19.2.8  →   ^19.2.9
[2026-01-21 23:38:09] ℹ️    jsonwebtoken        ^9.0.2  →    ^9.0.3
[2026-01-21 23:38:09] ℹ️    terser             ^5.44.1  →   ^5.46.0
[2026-01-21 23:38:09] ℹ️    typescript-eslint  ^8.53.0  →   ^8.53.1
[2026-01-21 23:38:09] ℹ️  Installation des nouvelles versions...
[2026-01-21 23:38:15] ✅ Packages mis à jour pour Frontend
[2026-01-21 23:38:16] ℹ️  Mise à jour des packages dans Backend...
[2026-01-21 23:38:16] ℹ️  Packages mis à jour:
[2026-01-21 23:38:16] ℹ️    jsonwebtoken  ^9.0.2  →  ^9.0.3
[2026-01-21 23:38:16] ℹ️  Installation des nouvelles versions...
[2026-01-21 23:38:17] ✅ Packages mis à jour pour Backend
[2026-01-21 23:38:17] ℹ️  === Résumé des mises à jour ===
[2026-01-21 23:38:17] ℹ️  Frontend: Mis à jour
[2026-01-21 23:38:17] ℹ️  Backend: Mis à jour
[2026-01-21 23:38:17] ℹ️  
[2026-01-21 23:38:17] ℹ️  === Vérification des vulnérabilités ===
[2026-01-21 23:38:17] ℹ️  Vérification des vulnérabilités pour Frontend...
[2026-01-21 23:38:17] ℹ️  Aucune vulnérabilité modérée ou critique trouvée pour Frontend
[2026-01-21 23:38:17] ℹ️  Vérification des vulnérabilités pour Backend...
[2026-01-21 23:38:18] ℹ️  Aucune vulnérabilité modérée ou critique trouvée pour Backend
[2026-01-21 23:38:18] ℹ️  === Tests ===
[2026-01-21 23:38:18] ℹ️  Exécution des tests pour Frontend...
[2026-01-21 23:38:18] ℹ️  Aucun script de test trouvé pour Frontend
[2026-01-21 23:38:18] ℹ️  Exécution des tests pour Backend...
[2026-01-21 23:38:18] ℹ️  Aucun script de test trouvé pour Backend
[2026-01-21 23:38:18] ℹ️  === Compilation ===
[2026-01-21 23:38:18] ℹ️  Compilation de Frontend...
[2026-01-21 23:38:18] ℹ️  Avertissements TypeScript détectés (non bloquant)
[2026-01-21 23:38:22] ✅ Frontend compilé avec succès
[2026-01-21 23:38:22] ℹ️  === Déploiement ===
[2026-01-21 23:38:22] ℹ️  Déploiement sur le serveur via refresh.sh...
[2026-01-21 23:38:22] ℹ️  Ajout des permissions d'exécution à refresh.sh...
